[nousro.ru/index.html]
[backblue.gif]
[fade.gif]
[index.html]
[nousro.ru/bitrix/cache/css/s1/main/kernel/kernel4488.css]
[nousro.ru/bitrix/js/main/core/css/core.css]
[nousro.ru/bitrix/js/fileman/sticker.css]
[nousro.ru/bitrix/js/main/core/css/core_panel.css]
[nousro.ru/bitrix/cache/css/s1/main/template_cc5b6be59423461326682014332582b2/template_cc5b6be59423461326682014332582b2_d0b402cebf08a3ad5917d355d0073865c921.css]
[nousro.ru/bitrix/cache/js/s1/main/kernel/kernel4488.js]
[nousro.ru/bitrix/js/main/core/core_ajax.js]
[nousro.ru/bitrix/js/main/session.js]
[nousro.ru/bitrix/js/main/core/core_fx.js]
[nousro.ru/bitrix/js/main/json/json2.min.js]
[nousro.ru/bitrix/js/main/core/core_ls.js]
[nousro.ru/bitrix/js/pull/pull.js]
[nousro.ru/bitrix/js/main/core/core_window.js]
[nousro.ru/bitrix/js/main/utils.js]
[nousro.ru/bitrix/templates/main/normalize.css]
[nousro.ru/bitrix/templates/main/style_index.css]
[nousro.ru/bitrix/templates/main/fancybox/lib/jquery-1.10.1.min.js]
[nousro.ru/bitrix/templates/main/fancybox/lib/jquery.mousewheel-3.0.6.pack.js]
[nousro.ru/bitrix/templates/main/fancybox/source/jquery.fancybox8cbb.js]
[nousro.ru/bitrix/templates/main/fancybox/source/jquery.fancybox8cbb.css]
[nousro.ru/bitrix/templates/main/fancybox/source/helpers/jquery.fancybox-buttons3447.css]
[nousro.ru/bitrix/templates/main/fancybox/source/helpers/jquery.fancybox-buttons3447.js]
[nousro.ru/bitrix/templates/main/fancybox/source/helpers/jquery.fancybox-thumbsf2ad.css]
[nousro.ru/bitrix/templates/main/fancybox/source/helpers/jquery.fancybox-thumbsf2ad.js]
[nousro.ru/bitrix/templates/main/fancybox/source/helpers/jquery.fancybox-mediac924.js]
[nousro.ru/1_b.jpg]
[nousro.ru/bitrix/templates/main/img/prokhod_lupa.jpg]
[www.nousro.ru/bitrix/templates/main/images/services.png]
[nousro.ru/bitrix/templates/main/img/sotrudnik1_s_lupoy.jpg]
[www.nousro.ru/bitrix/templates/main/images/kyrsi.png]
[nousro.ru/bitrix/templates/main/img/logo.png]
[nousro.ru/about/otkrytaya-informatsiya.html]
[nousro.ru/about/index.html]
[nousro.ru/fulltime.html]
[nousro.ru/filial/index.html]
[nousro.ru/contacts/index.html]
[nousro.ru/bitrix/templates/main/images/povyshenie.jpg]
[nousro.ru/distanc.html]
[nousro.ru/bitrix/templates/main/images/obucheniebtn.jpg]
[nousro.ru/bitrix/templates/main/images/perepodgotovka.jpg]
[nousro.ru/bitrix/templates/main/images/uslugibtn.jpg]
[nousro.ru/program.html]
[nousro.ru/program-ptm.html]
[nousro.ru/pojarbez.html]
[nousro.ru/stroi.html]
[nousro.ru/jekologija.html]
[nousro.ru/proektirovanie.html]
[nousro.ru/bitrix/templates/main/images/big.jpg]
[nousro.ru/gochs.html]
[nousro.ru/service.html]
[nousro.ru/mchs-edu.html]
[nousro.ru/licenzija-mchs.html]
[nousro.ru/arenda.html]
[nousro.ru/arenda-fstek.html]
[nousro.ru/upload/medialibrary/a83/ssylka.png]
[nousro.ru/perepodgotovka-specialistov.html]
[nousro.ru/proektirovan.html]
[nousro.ru/foto-teaching.html]
[nousro.ru/bitrix/templates/main/img/phone_img.png]
[nousro.ru/checkuser/index.html]
[nousro.ru/bitrix/templates/main/images/arrow_right.png]
[nousro.ru/request/index.html]
[nousro.ru/bitrix/templates/main/img/paper_clip_icon.png]
[nousro.ru/upload/learning/documents/zayavka_na_obuchenie.doc]
[nousro.ru/help.html]
[nousro.ru/bitrix/templates/main/images/monitor.png]
[nousro.ru/request/indexeaa5.html]
[nousro.ru/portal-postavchikov.html]
[nousro.ru/doc/index.html]
[nousro.ru/bitrix/templates/main/img/icon_block.jpg]
[nousro.ru/bitrix/templates/main/img/2map.jpg]
[nousro.ru/bitrix/templates/main/img/icon_map.jpg]
[nousro.ru/fotovideo.html]
[nousro.ru/bitrix/templates/main/img/fotobtn.png]
[nousro.ru/upload/doc/rbot/licenzija_obuchenija.pdf]
[nousro.ru/clients/index.html]
[nousro.ru/upload/doc/soglasovanije.pdf]
[nousro.ru/faq/index.html]
[nousro.ru/upload/doc/rbot/ustav_nou.pdf]
[nousro.ru/sitemap/index.html]
[nousro.ru/upload/doc/rbot/polojenie.pdf]
[nousro.ru/upload/doc/rbot/simvolika.pdf]
[nousro.ru/upload/doc/rbot/zakljuchenie_gpn.pdf]
[nousro.ru/upload/doc/rbot/zakljuchenie_sjez.pdf]
[nousro.ru/bitrix/templates/main/img/google.png]
[nousro.ru/bitrix/templates/main/img/vk.png]
[nousro.ru/bitrix/templates/main/img/twit.png]
[web.redhelper.ru/service/main9926.js]
[nousro.ru/index.html]
[nousro.ru/bitrix/js/main/core/images/wait.gif]
[nousro.ru/bitrix/js/main/core/images/close.gif]
[nousro.ru/bitrix/js/main/core/images/panel/top-panel-sprite.png]
[nousro.ru/bitrix/js/main/core/images/hk_sett_menu_spr.png]
[nousro.ru/bitrix/panel/main/images/bx-admin-sprite-small-1.png]
[nousro.ru/bitrix/images/fileman/stickers_sprite.png]
[nousro.ru/bitrix/images/fileman/crosshair.cur]
[nousro.ru/bitrix/js/fileman/text-overflow.xml]
[nousro.ru/bitrix/js/main/core/images/panel/empty-area.gif]
[nousro.ru/bitrix/cache/css/s1/main/kernel/kernel4488.css]
[nousro.ru/bitrix/js/main/core/css/core.css]
[nousro.ru/bitrix/js/fileman/sticker.css]
[nousro.ru/bitrix/js/main/core/css/core_panel.css]
[nousro.ru/bitrix/templates/main/components/bitrix/menu/top_menu/images/left_menu_bg.gif]
[nousro.ru/bitrix/templates/.default/components/bitrix/system.auth.form/.default/images/sec.png]
[nousro.ru/bitrix/templates/.default/components/bitrix/system.auth.form/.default/images/sec-unlocked.png]
[nousro.ru/bitrix/cache/css/s1/main/template_cc5b6be59423461326682014332582b2/template_cc5b6be59423461326682014332582b2_d0b402cebf08a3ad5917d355d0073865c921.css]
[nousro.ru/core/core.js]
[nousro.ru/core_access.js]
[nousro.ru/core_admin.js]
[nousro.ru/core_admin_interface.js]
[nousro.ru/core_admin_login.js]
[nousro.ru/core_ajax.js]
[nousro.ru/core_autosave.js]
[nousro.ru/core_date.js]
[nousro.ru/core_finder.js]
[nousro.ru/core_fx.js]
[nousro.ru/core_image.js]
[nousro.ru/core_ls.js]
[nousro.ru/core_popup.js]
[nousro.ru/core_tags.js]
[nousro.ru/core_timer.js]
[nousro.ru/core_tooltip.js]
[nousro.ru/core_translit.js]
[nousro.ru/core_window.js]
[nousro.ru/bitrix/tools/ajax_captcha.html]
[nousro.ru/bitrix/admin/user_options6f46.html]
[nousro.ru/bitrix/cache/js/s1/main/kernel/kernel4488.js]
[nousro.ru/bitrix/js/main/core/core_ajax.js]
[nousro.ru/bitrix/js/main/session.js]
[nousro.ru/bitrix/js/main/core/core_fx.js]
[nousro.ru/bitrix/js/main/json/json2.min.js]
[nousro.ru/bitrix/js/main/core/core_ls.js]
[nousro.ru/bitrix/js/pull/pull.js]
[nousro.ru/bitrix/js/main/core/core_window.js]
[nousro.ru/bitrix/js/main/utils.js]
[nousro.ru/bitrix/templates/main/normalize.css]
[nousro.ru/bitrix/tools/public_session6e68.html]
[nousro.ru/bitrix/templates/main/images/9may_nochu.png]
[nousro.ru/bitrix/templates/main/images/icons1.png]
[nousro.ru/fonts/PTS55F-webfont.eot]
[nousro.ru/fonts/PTS55F-webfont.woff]
[nousro.ru/fonts/PTS55F-webfontd41d.eot]
[nousro.ru/bitrix/templates/main/img/top_menu_vert_hr.png]
[nousro.ru/bitrix/templates/main/img/icon_folder.png]
[nousro.ru/bitrix/templates/main/images/attest.jpg]
[nousro.ru/fonts/PTS55F-webfont.ttf]
[nousro.ru/bitrix/templates/main/images/obuchenie-dly-licenzii.jpg]
[nousro.ru/bitrix/templates/main/images/povysh-dlya-lic.jpg]
[nousro.ru/bitrix/templates/main/style_index.css]
[nousro.ru/bitrix/templates/main/fancybox/lib/jquery-1.10.1.min.js]
[nousro.ru/bitrix/templates/main/fancybox/lib/jquery.mousewheel-3.0.6.pack.js]
[nousro.ru/bitrix/templates/main/fancybox/source/jquery.fancybox8cbb.js]
[nousro.ru/bitrix/templates/main/fancybox/source/fancybox_sprite.png]
[nousro.ru/bitrix/templates/main/fancybox/source/fancybox_loading.gif]
[nousro.ru/bitrix/templates/main/fancybox/source/blank.gif]
[nousro.ru/bitrix/templates/main/fancybox/source/fancybox_overlay.png]
[nousro.ru/bitrix/templates/main/fancybox/source/fancybox_sprite@2x.png]
[nousro.ru/bitrix/templates/main/fancybox/source/fancybox_loading@2x.gif]
[nousro.ru/bitrix/templates/main/fancybox/source/jquery.fancybox8cbb.css]
[nousro.ru/bitrix/templates/main/fancybox/source/helpers/fancybox_buttons.png]
[nousro.ru/bitrix/templates/main/fancybox/source/helpers/jquery.fancybox-buttons3447.css]
[nousro.ru/bitrix/templates/main/fancybox/source/helpers/jquery.fancybox-buttons3447.js]
[nousro.ru/bitrix/templates/main/fancybox/source/helpers/jquery.fancybox-thumbsf2ad.css]
[nousro.ru/bitrix/templates/main/fancybox/source/helpers/jquery.fancybox-thumbsf2ad.js]
[nousro.ru/bitrix/templates/main/fancybox/source/helpers/jquery.fancybox-mediac924.js]
[nousro.ru/1_b.html]
[nousro.ru/bitrix/cache/css/s1/content/kernel/kernel65c3.css]
[nousro.ru/bitrix/js/socialservices/css/ss.css]
[nousro.ru/bitrix/cache/css/s1/content/template_e3501e55c2b0bf8eb4c0bd08c4c519b6/template_e3501e55c2b0bf8eb4c0bd08c4c519b6_aceb9981c22d98b900974a136a3c97fdc630.css]
[nousro.ru/bitrix/cache/js/s1/content/kernel/kernel65c3.js]
[nousro.ru/bitrix/templates/content/normalize.css]
[nousro.ru/bitrix/templates/content/style.css]
[www.nousro.ru/bitrix/templates/content/js/slider1.js]
[nousro.ru/bitrix/templates/content/fancybox/lib/jquery-1.10.1.min.js]
[nousro.ru/bitrix/templates/content/fancybox/lib/jquery.mousewheel-3.0.6.pack.js]
[nousro.ru/bitrix/templates/content/fancybox/source/jquery.fancybox8cbb.js]
[nousro.ru/bitrix/templates/content/fancybox/source/jquery.fancybox8cbb.css]
[nousro.ru/bitrix/templates/content/fancybox/source/helpers/jquery.fancybox-buttons3447.css]
[nousro.ru/bitrix/templates/content/fancybox/source/helpers/jquery.fancybox-buttons3447.js]
[nousro.ru/bitrix/templates/content/fancybox/source/helpers/jquery.fancybox-thumbsf2ad.css]
[nousro.ru/bitrix/templates/content/fancybox/source/helpers/jquery.fancybox-thumbsf2ad.js]
[nousro.ru/bitrix/templates/content/fancybox/source/helpers/jquery.fancybox-mediac924.js]
[nousro.ru/about/1_b.jpg]
[nousro.ru/clients/css/style.css]
[nousro.ru/clients/js/jquery.mousewheel.min.js]
[nousro.ru/clients/js/jcarousellite-mod.js]
[nousro.ru/bitrix/templates/content/img/logo.png]
[nousro.ru/upload/doc/rbot/uvedomlenie.pdf]
[nousro.ru/upload/doc/rbot/uvedomlenie_ot2012.pdf]
[nousro.ru/bitrix/templates/content/img/big3.jpg]
[nousro.ru/bitrix/templates/content/img/big2.jpg]
[nousro.ru/bitrix/templates/content/img/big1.jpg]
[nousro.ru/upload/medialibrary/0df/otz.jpg]
[nousro.ru/upload/medialibrary/469/Грамота.jpg]
[nousro.ru/doc/skv-otzyv.jpg]
[nousro.ru/bitrix/templates/content/img/zal1.jpg]
[nousro.ru/bitrix/templates/content/img/zal2.jpg]
[nousro.ru/bitrix/templates/content/img/zal3.jpg]
[nousro.ru/bitrix/templates/content/img/phone_img.png]
[nousro.ru/upload/learning/zayavka.doc]
[nousro.ru/bitrix/templates/content/img/paper_clip_icon.png]
[nousro.ru/clients/otzyvy.html]
[nousro.ru/bitrix/templates/content/img/icon_block.jpg]
[nousro.ru/bitrix/templates/content/img/2map.jpg]
[nousro.ru/bitrix/templates/content/img/icon_map.jpg]
[nousro.ru/bitrix/templates/content/img/fotobtn.png]
[nousro.ru/bitrix/templates/content/img/google.png]
[nousro.ru/bitrix/templates/content/img/vk.png]
[nousro.ru/bitrix/templates/content/img/twit.png]
[nousro.ru/about/index.html]
[nousro.ru/filial/1_b.jpg]
[nousro.ru/filial/index.html]
[nousro.ru/about/sobstveniki.pdf]
[nousro.ru/upload/doc/rbot/pologenie-spb.pdf]
[nousro.ru/upload/doc/rbot/pologenie-nn.pdf]
[nousro.ru/about/poloshenie nochu.pdf]
[nousro.ru/about/201.jpg]
[nousro.ru/about/201_mini.jpg]
[nousro.ru/about/202.jpg]
[nousro.ru/about/202_mini.jpg]
[nousro.ru/about/203.jpg]
[nousro.ru/about/203_mini.jpg]
[nousro.ru/about/204.jpg]
[nousro.ru/about/204_mini.jpg]
[nousro.ru/about/205.jpg]
[nousro.ru/about/205_mini.jpg]
[nousro.ru/about/206.jpg]
[nousro.ru/about/206_mini.jpg]
[nousro.ru/about/2013.pdf]
[nousro.ru/about/2014.pdf]
[nousro.ru/about/2015.pdf]
[nousro.ru/about/otkrytaya-informatsiya.html]
[nousro.ru/contacts/1_b.c7.delayed]
[nousro.ru/contacts/index.html]
[nousro.ru/fulltime.html]
[nousro.ru/distanc.html]
[nousro.ru/ptm-kinomehaniki.html]
[nousro.ru/program-tushenije.html]
[nousro.ru/program-lestnicy.html]
[nousro.ru/obuchenie-tehnika-bezopasnosti.html]
[nousro.ru/stroitelnyj-kontrol.html]
[nousro.ru/eko_bezopasnost.html]
[nousro.ru/eko_othody.html]
[nousro.ru/upload/doc/soglasovanie up s mchs.pdf]
[nousro.ru/upload/doc/licenzija_obuchenija.pdf]
[nousro.ru/program.html]
[nousro.ru/doc/raspisanie.pdf]
[nousro.ru/upload/doc/prikaz_mchs_645.pdf]
[nousro.ru/images/ptm-udostoverenia.jpg]
[nousro.ru/program-ptm.html]
[nousro.ru/doc/raspisanie posharnaia bezopasnost 2015.pdf]
[nousro.ru/images/docs/nousrodoc_4.jpg]
[nousro.ru/pojarbez.html]
[nousro.ru/stroi.html]
[nousro.ru/upload/medialibrary/43f/1930.jpg]
[nousro.ru/upload/medialibrary/b35/BBKS-IR-Credit-Cont.jpg]
[nousro.ru/jekologija.html]
[nousro.ru/proektirovanie.html]
[nousro.ru/images/docs/nousrodoc_5.jpg]
[nousro.ru/gochs.html]
[nousro.ru/pozharnyj-audit.html]
[nousro.ru/arenda-medteh.html]
[nousro.ru/arenda-electrolab.html]
[nousro.ru/instruktazh.html]
[nousro.ru/service.html]
[nousro.ru/upload/doc/99fz.pdf]
[nousro.ru/mchs-edu.html]
[nousro.ru/licenzija-mchs.html]
[nousro.ru/pochemy_my.jpg]
[nousro.ru/delivery.jpg]
[nousro.ru/arenda.html]
[nousro.ru/upload/doc/pr_83.pdf]
[nousro.ru/arenda-fstek.html]
[nousro.ru/perepodgotovka-specialistov.html]
[nousro.ru/upload/medialibrary/737/udostoverenie.jpg]
[nousro.ru/upload/learning/documents/zayavka_na_obuchenie_proektirovanie.doc]
[nousro.ru/proektirovan.html]
[nousro.ru/upload/medialibrary/a33/teaching1.jpg]
[nousro.ru/upload/medialibrary/721/teaching2.jpg]
[nousro.ru/upload/medialibrary/5ce/teaching3.jpg]
[nousro.ru/upload/medialibrary/1ee/teaching4.jpg]
[nousro.ru/upload/medialibrary/632/teaching5.jpg]
[nousro.ru/upload/medialibrary/42c/teaching6.jpg]
[nousro.ru/upload/medialibrary/379/teaching7.jpg]
[nousro.ru/foto-teaching.html]
[nousro.ru/checkuser/1_b.100.delayed]
[nousro.ru/checkuser/index3b7c.html]
[nousro.ru/checkuser/index34b7.html]
[nousro.ru/checkuser/indexa3c3.html]
[nousro.ru/checkuser/indexa875.html]
[nousro.ru/checkuser/index549a.html]
[nousro.ru/checkuser/index0b81.html]
[nousro.ru/checkuser/index4cc4.html]
[nousro.ru/checkuser/index600c.html]
[nousro.ru/checkuser/index6be0.html]
[nousro.ru/checkuser/index7c59.html]
[nousro.ru/checkuser/indexfe80.html]
[nousro.ru/checkuser/indexe8ef.html]
[nousro.ru/checkuser/index1f50.html]
[nousro.ru/checkuser/index2026.html]
[nousro.ru/checkuser/index0117.html]
[nousro.ru/checkuser/index8105.html]
[nousro.ru/checkuser/index708e.html]
[nousro.ru/checkuser/index9941.html]
[nousro.ru/checkuser/indexbfeb.html]
[nousro.ru/checkuser/indexe276.html]
[nousro.ru/checkuser/index2778.html]
[nousro.ru/checkuser/indexe371.html]
[nousro.ru/checkuser/indexf4cb.html]
[nousro.ru/checkuser/index45cc.html]
[nousro.ru/checkuser/index1ebc.html]
[nousro.ru/checkuser/indexd56b.html]
[nousro.ru/checkuser/indexb071.html]
[nousro.ru/checkuser/index4afc.html]
[nousro.ru/checkuser/index847f.html]
[nousro.ru/checkuser/index299a.html]
[nousro.ru/checkuser/indexd79b.html]
[nousro.ru/checkuser/index304b.html]
[nousro.ru/checkuser/index.html]
[nousro.ru/checkuser/indexc5d3.html]
[nousro.ru/request/index.html]
[nousro.ru/request/1_b.html]
[nousro.ru/images/help.jpg]
[nousro.ru/help.html]
[nousro.ru/request/indexeaa5.html]
[nousro.ru/doc/1_b.jpg]
[nousro.ru/bitrix/templates/content/img/zip.png]
[nousro.ru/upload/doc/rbot/docs.zip]
[nousro.ru/bitrix/templates/content/img/pdf.png]
[nousro.ru/upload/msk_obr.pdf]
[nousro.ru/upload/doc/soglasovanie programm ptm.pdf]
[nousro.ru/doc/msk postanovka.pdf]
[nousro.ru/upload/doc/proekt.php]
[nousro.ru/upload/doc/rbot/zakluchenie_se_2014.pdf]
[nousro.ru/upload/doc/rbot/expertnoe_zakluchenie.pdf]
[nousro.ru/upload/doc/rbot/vipiska.pdf]
[nousro.ru/upload/doc/rbot/nalog-inspect.jpg]
[nousro.ru/doc/piter.pdf]
[nousro.ru/doc/nn postanovka.pdf]
[nousro.ru/doc/nn.pdf]
[nousro.ru/upload/doc/rbot/svidetelstvo INN.pdf]
[nousro.ru/upload/doc/rbot/svidetelstvo OGRN.pdf]
[nousro.ru/doc/proverka.pdf]
[nousro.ru/doc/index.html]
[nousro.ru/upload/medialibrary/6b0/forumlogo.png]
[nousro.ru/portal-postavchikov.html]
[nousro.ru/bitrix/templates/content/img/foto1big.jpg]
[nousro.ru/bitrix/templates/content/img/foto2big.jpg]
[nousro.ru/bitrix/templates/content/img/foto3big.jpg]
[nousro.ru/bitrix/templates/content/img/foto4big.jpg]
[nousro.ru/photogalery.html]
[nousro.ru/videogalery.html]
[nousro.ru/bitrix/templates/content/img/foto1.jpg]
[nousro.ru/bitrix/templates/content/img/foto2.jpg]
[nousro.ru/bitrix/templates/content/img/foto3.jpg]
[nousro.ru/bitrix/templates/content/img/foto4.jpg]
[nousro.ru/fotovideo.html]
[nousro.ru/clients/1_b.148.delayed]
[nousro.ru/images/rusalians.png]
[nousro.ru/images/rusalians-otzyv.jpg]
[nousro.ru/images/pdplskvodokanal.png]
[nousro.ru/images/vodokanal.jpg]
[nousro.ru/images/niitfa.jpg]
[nousro.ru/images/niitfa-2.jpg]
[nousro.ru/bitrix/templates/content/img/logo_1.png]
[nousro.ru/images/kremlyn.jpg]
[nousro.ru/bitrix/templates/content/img/logo_2.png]
[nousro.ru/images/stk-surgut.jpg]
[nousro.ru/upload/medialibrary/d83/loccitane.png]
[nousro.ru/upload/medialibrary/7cd/mediamarkt.png]
[nousro.ru/upload/medialibrary/c46/logo_en.png]
[nousro.ru/upload/medialibrary/c86/logo_ges.png]
[nousro.ru/upload/medialibrary/9ad/logo-t.png]
[nousro.ru/doc/skv-logo.jpg]
[nousro.ru/upload/medialibrary/c81/vista.png]
[nousro.ru/upload/medialibrary/3c4/zdrm.png]
[nousro.ru/upload/medialibrary/5k2/el-system.png]
[nousro.ru/upload/medialibrary/84a/mgts-logo.jpg]
[nousro.ru/upload/medialibrary/942/Turner-Townsend-logo.png]
[nousro.ru/upload/medialibrary/f6f/лужники.png]
[nousro.ru/upload/medialibrary/7cd/gulfstream_logo.png]
[nousro.ru/upload/medialibrary/4c1/Mosenergo_logo.gif]
[nousro.ru/upload/medialibrary/1e5/логотип.png]
[nousro.ru/upload/medialibrary/f94/Evraziyskoye_patentnoe_vedomstvo.gif]
[nousro.ru/upload/medialibrary/552/abe5888abd87eaf098c76d974cec3a93.gif]
[nousro.ru/upload/medialibrary/5a7/glavnoe_arkhivnoe_upravlenie.png]
[nousro.ru/upload/medialibrary/66b/школа ретро.png]
[nousro.ru/upload/medialibrary/402/цфр.png]
[nousro.ru/upload/medialibrary/698/111.png]
[nousro.ru/upload/medialibrary/767/protek.png]
[nousro.ru/upload/medialibrary/4f7/сск.png]
[nousro.ru/upload/medialibrary/ad0/граф.png]
[nousro.ru/upload/medialibrary/daa/ниипа.png]
[nousro.ru/upload/medialibrary/fb7/автополюс.png]
[nousro.ru/upload/medialibrary/8ad/трасюжстрой.png]
[nousro.ru/upload/medialibrary/43e/атомтехэнерго.png]
[nousro.ru/upload/medialibrary/21b/bam_logo.png]
[nousro.ru/upload/medialibrary/469/013.jpg]
[nousro.ru/upload/medialibrary/cd5/водоканал.png]
[nousro.ru/upload/medialibrary/139/unicom_astron_logo.png]
[nousro.ru/upload/medialibrary/211/техноком.png]
[nousro.ru/upload/medialibrary/c8b/spglogo.png]
[nousro.ru/clients/index.html]
[nousro.ru/faq/1_b.jpg]
[nousro.ru/faq/index.html]
[nousro.ru/sitemap/1_b.jpg]
[nousro.ru/service.php/index.html]
[nousro.ru/ptm-rukovoditeli.html]
[nousro.ru/ptm-injeneru.html]
[nousro.ru/ptm-gazojelektrosvarka.html]
[nousro.ru/ptm-pojaroopasnue-rabotu.html]
[nousro.ru/ptm-ohrana.html]
[nousro.ru/ptm-rukovoditeli-podrazdelenii.html]
[nousro.ru/ptm-selhoz-rabotu.html]
[nousro.ru/ptm-selhoz-org.html]
[nousro.ru/ptm-vospitateli.html]
[nousro.ru/ptm-na-stroike.html]
[nousro.ru/ptm-detsadu-i-shkolu.html]
[nousro.ru/ptm-but.html]
[nousro.ru/ptm-torgovlya.html]
[nousro.ru/ptm-lechebnue-org.html]
[nousro.ru/ptm-kultura.html]
[nousro.ru/ptm-doma.html]
[nousro.ru/ptm-ofisu.html]
[nousro.ru/program-pozhar.html]
[nousro.ru/program-mont.html]
[nousro.ru/program-vod.html]
[nousro.ru/program-dym.html]
[nousro.ru/program-jeva.html]
[nousro.ru/program-fjes.html]
[nousro.ru/program-zanaves.html]
[nousro.ru/program-preg.html]
[nousro.ru/program-trubo.html]
[nousro.ru/program-ognez.html]
[nousro.ru/program-perv.html]
[nousro.ru/sitemap/index.html]
[web.redhelper.ru/service/main9926.js]
[nousro.ru/core/core.html]
[nousro.ru/development/index.html]
[nousro.ru/core_access.html]
[nousro.ru/dev/index.html]
[nousro.ru/core_admin.html]
[nousro.ru/core_admin_interface.html]
[nousro.ru/core_admin_login.html]
[nousro.ru/core_ajax.html]
[nousro.ru/core_autosave.html]
[nousro.ru/core_date.html]
[nousro.ru/core_finder.html]
[nousro.ru/core_fx.html]
[nousro.ru/core_image.html]
[nousro.ru/core_ls.html]
[nousro.ru/core_popup.html]
[nousro.ru/core_tags.html]
[nousro.ru/core_timer.html]
[nousro.ru/core_tooltip.html]
[nousro.ru/core_translit.html]
[nousro.ru/core_window.html]
[nousro.ru/bitrix/tools/ajax_captcha.html]
[nousro.ru/bitrix/admin/user_options6f46.html]
[nousro.ru/bitrix/tools/public_session6e68.html]
[nousro.ru/fonts/PTS55F-webfont.svg]
[nousro.ru/test.web.redhelper.ru/index.html]
[nousro.ru/bitrix/js/socialservices/css/icons.png]
[nousro.ru/bitrix/cache/css/s1/content/kernel/kernel65c3.css]
[nousro.ru/bitrix/js/socialservices/css/ss.css]
[nousro.ru/bitrix/templates/content/components/bitrix/menu/top_menu/images/left_menu_bg.gif]
[www.iconsearch.ru/uploads/icons/fatcow/16x16/magnifier_zoom_in.png]
[nousro.ru/bitrix/cache/css/s1/content/template_e3501e55c2b0bf8eb4c0bd08c4c519b6/template_e3501e55c2b0bf8eb4c0bd08c4c519b6_aceb9981c22d98b900974a136a3c97fdc630.css]
[nousro.ru/bitrix/cache/js/s1/content/kernel/kernel65c3.js]
[nousro.ru/bitrix/templates/content/normalize.css]
[nousro.ru/bitrix/templates/content/images/9may_nochu.png]
[nousro.ru/bitrix/templates/content/images/arrow-right.png]
[nousro.ru/bitrix/templates/content/images/arrow-bottom.png]
[nousro.ru/bitrix/templates/content/images/arrow1.png]
[nousro.ru/bitrix/templates/content/images/icons1.png]
[nousro.ru/bitrix/templates/content/ie6hover.htc]
[nousro.ru/bitrix/templates/content/img/top_menu_vert_hr.png]
[nousro.ru/bitrix/templates/content/img/icon_folder.png]
[nousro.ru/bitrix/templates/content/img/phone.jpg]
[nousro.ru/bitrix/templates/content/img/viber3.jpg]
[nousro.ru/bitrix/templates/content/img/mail.jpg]
[nousro.ru/bitrix/templates/content/img/skype.jpg]
[nousro.ru/bitrix/templates/content/style.css]
[www.nousro.ru/bitrix/templates/content/js/slider1.js]
[nousro.ru/bitrix/templates/content/fancybox/lib/jquery-1.10.1.min.js]
[nousro.ru/bitrix/templates/content/fancybox/lib/jquery.mousewheel-3.0.6.pack.js]
[nousro.ru/bitrix/templates/content/fancybox/source/jquery.fancybox8cbb.js]
[nousro.ru/bitrix/templates/content/fancybox/source/fancybox_sprite.png]
[nousro.ru/bitrix/templates/content/fancybox/source/fancybox_loading.gif]
[nousro.ru/bitrix/templates/content/fancybox/source/blank.gif]
[nousro.ru/bitrix/templates/content/fancybox/source/fancybox_overlay.png]
[nousro.ru/bitrix/templates/content/fancybox/source/fancybox_sprite@2x.png]
[nousro.ru/bitrix/templates/content/fancybox/source/fancybox_loading@2x.gif]
[nousro.ru/bitrix/templates/content/fancybox/source/jquery.fancybox8cbb.css]
[nousro.ru/bitrix/templates/content/fancybox/source/helpers/fancybox_buttons.png]
[nousro.ru/bitrix/templates/content/fancybox/source/helpers/jquery.fancybox-buttons3447.css]
[nousro.ru/bitrix/templates/content/fancybox/source/helpers/jquery.fancybox-buttons3447.js]
[nousro.ru/bitrix/templates/content/fancybox/source/helpers/jquery.fancybox-thumbsf2ad.css]
[nousro.ru/bitrix/templates/content/fancybox/source/helpers/jquery.fancybox-thumbsf2ad.js]
[nousro.ru/bitrix/templates/content/fancybox/source/helpers/jquery.fancybox-mediac924.js]
[nousro.ru/about/1_b.html]
[nousro.ru/clients/images/big_transparent.gif]
[nousro.ru/clients/images/cursors/cursor_arrow_left.png]
[nousro.ru/clients/images/cursors/cursor_arrow_left.cur]
[nousro.ru/clients/images/cursors/cursor_arrow_right.png]
[nousro.ru/clients/css/style.css]
[nousro.ru/clients/js/jquery.mousewheel.min.js]
[nousro.ru/clients/js/jcarousellite-mod.js]
[nousro.ru/clients/otzyvy.html]
[nousro.ru/filial/1_b.html]
[nousro.ru/contacts/1_b.html]
[nousro.ru/clients/images/cursors/cursor_arrow_right.cur]
[nousro.ru/upload/medialibrary/58c/ptm1.jpg]
[nousro.ru/ptm-kinomehaniki.html]
[nousro.ru/upload/learning/documents/zayavka_na_obuchenie_pojarotushenie_vodosnabjenie.doc]
[nousro.ru/program-tushenije.html]
[nousro.ru/upload/learning/documents/zayavka_na_obuchenie_isputanie_lestnic.doc]
[nousro.ru/program-lestnicy.html]
[nousro.ru/upload/medialibrary/084/korka.jpg]
[nousro.ru/upload/learning/documents/zayavka_na_obuchenie_teh_bezopasnost.doc]
[nousro.ru/obuchenie-tehnika-bezopasnosti.html]
[nousro.ru/stroitelnyj-kontrol.html]
[nousro.ru/eko_bezopasnost.html]
[nousro.ru/upload/learning/documents/zayavka_na_obuchenie_eko_othodu.doc]
[nousro.ru/eko_othody.html]
[nousro.ru/pozharnyj-audit.html]
[nousro.ru/arenda-medteh.html]
[nousro.ru/arenda-electrolab.html]
[nousro.ru/upload/medialibrary/bf6/инструктаж.jpg]
[nousro.ru/instruktazh.html]
[nousro.ru/checkuser/1_b.html]
[nousro.ru/checkuser/index3b7c.html]
[nousro.ru/checkuser/index34b7.html]
[nousro.ru/checkuser/indexa3c3.html]
[nousro.ru/checkuser/indexa875.html]
[nousro.ru/checkuser/index549a.html]
[nousro.ru/checkuser/index0b81.html]
[nousro.ru/checkuser/index4cc4.html]
[nousro.ru/checkuser/index600c.html]
[nousro.ru/checkuser/index6be0.html]
[nousro.ru/checkuser/index7c59.html]
[nousro.ru/checkuser/indexfe80.html]
[nousro.ru/checkuser/indexe8ef.html]
[nousro.ru/checkuser/index1f50.html]
[nousro.ru/checkuser/index2026.html]
[nousro.ru/checkuser/index0117.html]
[nousro.ru/checkuser/index8105.html]
[nousro.ru/checkuser/index708e.html]
[nousro.ru/checkuser/index9941.html]
[nousro.ru/checkuser/indexbfeb.html]
[nousro.ru/checkuser/indexe276.html]
[nousro.ru/checkuser/index2778.html]
[nousro.ru/checkuser/indexe371.html]
[nousro.ru/checkuser/indexf4cb.html]
[nousro.ru/checkuser/index45cc.html]
[nousro.ru/checkuser/index1ebc.html]
[nousro.ru/checkuser/indexd56b.html]
[nousro.ru/checkuser/indexb071.html]
[nousro.ru/checkuser/index4afc.html]
[nousro.ru/checkuser/index847f.html]
[nousro.ru/checkuser/index299a.html]
[nousro.ru/checkuser/indexd79b.html]
[nousro.ru/checkuser/index304b.html]
[nousro.ru/checkuser/indexc5d3.html]
[nousro.ru/request/1_b.html]
[nousro.ru/doc/1_b.html]
[nousro.ru/doc/msk postanovka.pdf]
[nousro.ru/photogalery.html]
[nousro.ru/videogalery.html]
[nousro.ru/clients/1_b.html]
[nousro.ru/bitrix/cache/css/s1/content/page_ca88c8e044f5b5059a97c24c28d14d91/page_ca88c8e044f5b5059a97c24c28d14d91_90e3836c1859727d2a1241d54f5e321bcdef.css]
[nousro.ru/faq/1_b.html]
[nousro.ru/bitrix/cache/css/s1/content/page_e6ec4cb87986b64d3e207030ace56be0/page_e6ec4cb87986b64d3e207030ace56be0_f50801a87c5c781284a88481d799a79f1a17.css]
[nousro.ru/sitemap/1_b.html]
[nousro.ru/service.php/1_b.html]
[nousro.ru/service.php/index.html]
[nousro.ru/upload/medialibrary/7fd/DSC00407.jpg]
[nousro.ru/upload/medialibrary/9d4/17_03_11_01.jpg]
[nousro.ru/upload/medialibrary/912/ot1.jpg]
[nousro.ru/upload/learning/documents/zayavka_na_obuchenie_ptm_rukovoditeli.doc]
[nousro.ru/ptm-rukovoditeli.html]
[nousro.ru/upload/medialibrary/f7c/1.jpg]
[nousro.ru/upload/medialibrary/992/6.jpg]
[nousro.ru/upload/medialibrary/689/IMG_00044.jpg]
[nousro.ru/upload/learning/documents/zayavka_na_obuchenie_ptm_injeneru.doc]
[nousro.ru/ptm-injeneru.html]
[nousro.ru/upload/medialibrary/e0d/10892135.jpg]
[nousro.ru/upload/medialibrary/6a8/Obuchenie_pozharno-texnicheskomu_minimumu.jpg]
[nousro.ru/upload/medialibrary/2b5/IMG_5371.jpg]
[nousro.ru/upload/learning/documents/zayavka_na_obuchenie_ptm_gazoelectrosvarka.doc]
[nousro.ru/ptm-gazojelektrosvarka.html]
[nousro.ru/upload/medialibrary/900/3e74414d7a1b356a.jpg]
[nousro.ru/upload/medialibrary/a15/tovar-565072.jpg]
[nousro.ru/upload/learning/documents/zayavka_na_obuchenie_ptm_pojaroopasnue_rabotu.doc]
[nousro.ru/ptm-pojaroopasnue-rabotu.html]
[nousro.ru/upload/medialibrary/de8/u-1-panel-protection-enterprises.jpg]
[nousro.ru/upload/medialibrary/81c/13186.jpg]
[nousro.ru/upload/learning/documents/zayavka_na_obuchenie_ptm_kinomehaniki.doc]
[nousro.ru/ptm-ohrana.html]
[nousro.ru/upload/medialibrary/7c0/5W.jpg]
[nousro.ru/upload/learning/documents/zayavka_na_obuchenie_ptm_rukovoditeli_podrazdelenii.doc]
[nousro.ru/ptm-rukovoditeli-podrazdelenii.html]
[nousro.ru/upload/medialibrary/baf/ptm_logo-314x209.jpg]
[nousro.ru/upload/medialibrary/a03/post10332.jpg]
[nousro.ru/upload/medialibrary/9b8/e116ffae3fe145cd.jpg]
[nousro.ru/upload/learning/documents/zayavka_na_obuchenie_ptm_selhoz_rabotu.doc]
[nousro.ru/ptm-selhoz-rabotu.html]
[nousro.ru/upload/medialibrary/ec2/DSC03068.jpg]
[nousro.ru/upload/medialibrary/a96/kaska.jpg]
[nousro.ru/upload/learning/documents/zayavka_na_obuchenie_ptm_selhoz_org.doc]
[nousro.ru/ptm-selhoz-org.html]
[nousro.ru/upload/medialibrary/803/1.Dek_.jpg]
[nousro.ru/upload/learning/documents/zayavka_na_obuchenie_ptm_vospitateli.doc]
[nousro.ru/ptm-vospitateli.html]
[nousro.ru/upload/medialibrary/525/53966490.jpg]
[nousro.ru/upload/medialibrary/b0f/30_01_12_002.jpg]
[nousro.ru/upload/learning/documents/zayavka_na_obuchenie_ptm_na_stroike.doc]
[nousro.ru/ptm-na-stroike.html]
[nousro.ru/upload/medialibrary/144/17_03_11_02.jpg]
[nousro.ru/upload/learning/documents/zayavka_na_obuchenie_ptm_detsadu_i_shkolu.doc]
[nousro.ru/ptm-detsadu-i-shkolu.html]
[nousro.ru/upload/medialibrary/4a3/z6.jpg]
[nousro.ru/upload/medialibrary/758/i.jpg]
[nousro.ru/upload/learning/documents/zayavka_na_obuchenie_ptm_but.doc]
[nousro.ru/ptm-but.html]
[nousro.ru/upload/medialibrary/d2f/ptm_2.jpg]
[nousro.ru/upload/medialibrary/d60/i (1).jpg]
[nousro.ru/upload/medialibrary/ecd/13039_html_5e692401.jpg]
[nousro.ru/upload/learning/documents/zayavka_na_obuchenie_ptm_torgovlya.doc]
[nousro.ru/ptm-torgovlya.html]
[nousro.ru/upload/medialibrary/1e7/img_0429.jpg]
[nousro.ru/upload/learning/documents/zayavka_na_obuchenie_ptm_lechebnue_org.doc]
[nousro.ru/ptm-lechebnue-org.html]
[nousro.ru/upload/learning/documents/zayavka_na_obuchenie_ptm_kultura.doc]
[nousro.ru/ptm-kultura.html]
[nousro.ru/upload/learning/documents/zayavka_na_obuchenie_ptm_doma.doc]
[nousro.ru/ptm-doma.html]
[nousro.ru/upload/learning/documents/zayavka_na_obuchenie_ptm_ofisu.doc]
[nousro.ru/ptm-ofisu.html]
[nousro.ru/upload/learning/documents/zayavka_na_obuchenie_pozhar.doc]
[nousro.ru/program-pozhar.html]
[nousro.ru/upload/learning/documents/zayavka_na_obuchenie_mont.doc]
[nousro.ru/program-mont.html]
[nousro.ru/upload/learning/documents/zayavka_na_obuchenie_vod.doc]
[nousro.ru/program-vod.html]
[nousro.ru/upload/learning/documents/zayavka_na_obuchenie_dum.doc]
[nousro.ru/program-dym.html]
[nousro.ru/upload/learning/documents/zayavka_na_obuchenie_evakuacia.doc]
[nousro.ru/program-jeva.html]
[nousro.ru/upload/learning/documents/zayavka_na_obuchenie_fjes.doc]
[nousro.ru/program-fjes.html]
[nousro.ru/upload/learning/documents/zayavka_na_obuchenie_zanavec.doc]
[nousro.ru/program-zanaves.html]
[nousro.ru/upload/learning/documents/zayavka_na_obuchenie_preg.doc]
[nousro.ru/program-preg.html]
[nousro.ru/upload/learning/documents/zayavka_na_obuchenie_trubo.doc]
[nousro.ru/program-trubo.html]
[nousro.ru/upload/learning/documents/zayavka_na_obuchenie_ognez.doc]
[nousro.ru/program-ognez.html]
[nousro.ru/upload/learning/documents/zayavka_na_obuchenie_perv.doc]
[nousro.ru/program-perv.html]
[nousro.ru/development/index.html]
[nousro.ru/dev/index.html]
[nousro.ru/test.web.redhelper.ru/index.html]
[nousro.ru/service.php/1_b.html]
[old.nousro.ru/bitrix/templates/content_copy/img/arrow.png]
